/Volumes/SNE/linhdb/work/SmartCore/demo-ai/factory multiface attendance app/backend/main.py:72: DeprecationWarning: 
        on_event is deprecated, use lifespan event handlers instead.

        Read more about it in the
        [FastAPI docs for Lifespan Events](https://fastapi.tiangolo.com/advanced/events/).
        
  @app.on_event("startup")
/Volumes/SNE/linhdb/work/SmartCore/demo-ai/factory multiface attendance app/backend/main.py:90: DeprecationWarning: 
        on_event is deprecated, use lifespan event handlers instead.

        Read more about it in the
        [FastAPI docs for Lifespan Events](https://fastapi.tiangolo.com/advanced/events/).
        
  @app.on_event("shutdown")
[DB] Initializing database at: /Volumes/SNE/linhdb/work/SmartCore/demo-ai/factory multiface attendance app/backend/attendance.db
✓ Database connection successful: /Volumes/SNE/linhdb/work/SmartCore/demo-ai/factory multiface attendance app/backend/attendance.db
[DB] Creating 'employees' table...
[DB] Creating 'shift_configs' table...
[DB] Creating 'shifts' table...
[DB] Creating 'attendance_logs' table...
[DB] Creating 'employee_presence_logs' table...
[DB] Creating 'daily_phone_usage' table...
[DB] Creating 'system_users' table...
[DB] Creating 'settings' table...
[DB] Creating 'date_filter_presets' table...
[DB] Inserting default settings...
[DB] Initializing default date filter presets...
✓ Database initialized successfully at /Volumes/SNE/linhdb/work/SmartCore/demo-ai/factory multiface attendance app/backend/attendance.db
✓ Database connection successful: /Volumes/SNE/linhdb/work/SmartCore/demo-ai/factory multiface attendance app/backend/attendance.db
Using camera source: 0
SUCCESS: Video source 0 opened
Initializing InsightFace analysis...
Applied providers: ['CPUExecutionProvider'], with options: {'CPUExecutionProvider': {}}
find model: /Users/macos/.insightface/models/buffalo_l/1k3d68.onnx landmark_3d_68 ['None', 3, 192, 192] 0.0 1.0
Applied providers: ['CPUExecutionProvider'], with options: {'CPUExecutionProvider': {}}
find model: /Users/macos/.insightface/models/buffalo_l/2d106det.onnx landmark_2d_106 ['None', 3, 192, 192] 0.0 1.0
Applied providers: ['CPUExecutionProvider'], with options: {'CPUExecutionProvider': {}}
find model: /Users/macos/.insightface/models/buffalo_l/det_10g.onnx detection [1, 3, '?', '?'] 127.5 128.0
Applied providers: ['CPUExecutionProvider'], with options: {'CPUExecutionProvider': {}}
find model: /Users/macos/.insightface/models/buffalo_l/genderage.onnx genderage ['None', 3, 96, 96] 0.0 1.0
Applied providers: ['CPUExecutionProvider'], with options: {'CPUExecutionProvider': {}}
find model: /Users/macos/.insightface/models/buffalo_l/w600k_r50.onnx recognition ['None', 3, 112, 112] 127.5 127.5
set det-size: (640, 640)
✓ Database connection successful: /Volumes/SNE/linhdb/work/SmartCore/demo-ai/factory multiface attendance app/backend/attendance.db
Loaded 1 employees from database.
Initializing YOLOv8 for object detection...
INFO:     Will watch for changes in these directories: ['/Volumes/SNE/linhdb/work/SmartCore/demo-ai/factory multiface attendance app/backend']
INFO:     Uvicorn running on http://0.0.0.0:8000 (Press CTRL+C to quit)
INFO:     Started reloader process [34087] using StatReload
[DB] Initializing database at: /Volumes/SNE/linhdb/work/SmartCore/demo-ai/factory multiface attendance app/backend/attendance.db
✓ Database connection successful: /Volumes/SNE/linhdb/work/SmartCore/demo-ai/factory multiface attendance app/backend/attendance.db
[DB] Creating 'employees' table...
[DB] Creating 'shift_configs' table...
[DB] Creating 'shifts' table...
[DB] Creating 'attendance_logs' table...
[DB] Creating 'employee_presence_logs' table...
[DB] Creating 'daily_phone_usage' table...
[DB] Creating 'system_users' table...
[DB] Creating 'settings' table...
[DB] Creating 'date_filter_presets' table...
[DB] Inserting default settings...
[DB] Initializing default date filter presets...
✓ Database initialized successfully at /Volumes/SNE/linhdb/work/SmartCore/demo-ai/factory multiface attendance app/backend/attendance.db
✓ Database connection successful: /Volumes/SNE/linhdb/work/SmartCore/demo-ai/factory multiface attendance app/backend/attendance.db
Using camera source: 0
SUCCESS: Video source 0 opened
Initializing InsightFace analysis...
Applied providers: ['CPUExecutionProvider'], with options: {'CPUExecutionProvider': {}}
find model: /Users/macos/.insightface/models/buffalo_l/1k3d68.onnx landmark_3d_68 ['None', 3, 192, 192] 0.0 1.0
Applied providers: ['CPUExecutionProvider'], with options: {'CPUExecutionProvider': {}}
find model: /Users/macos/.insightface/models/buffalo_l/2d106det.onnx landmark_2d_106 ['None', 3, 192, 192] 0.0 1.0
Applied providers: ['CPUExecutionProvider'], with options: {'CPUExecutionProvider': {}}
find model: /Users/macos/.insightface/models/buffalo_l/det_10g.onnx detection [1, 3, '?', '?'] 127.5 128.0
Applied providers: ['CPUExecutionProvider'], with options: {'CPUExecutionProvider': {}}
find model: /Users/macos/.insightface/models/buffalo_l/genderage.onnx genderage ['None', 3, 96, 96] 0.0 1.0
Applied providers: ['CPUExecutionProvider'], with options: {'CPUExecutionProvider': {}}
find model: /Users/macos/.insightface/models/buffalo_l/w600k_r50.onnx recognition ['None', 3, 112, 112] 127.5 127.5
set det-size: (640, 640)
✓ Database connection successful: /Volumes/SNE/linhdb/work/SmartCore/demo-ai/factory multiface attendance app/backend/attendance.db
Loaded 1 employees from database.
Initializing YOLOv8 for object detection...
INFO:     Started server process [34131]
INFO:     Waiting for application startup.
INFO:     Application startup complete.
[DB] Initializing database at: /Volumes/SNE/linhdb/work/SmartCore/demo-ai/factory multiface attendance app/backend/attendance.db
✓ Database connection successful: /Volumes/SNE/linhdb/work/SmartCore/demo-ai/factory multiface attendance app/backend/attendance.db
[DB] Creating 'employees' table...
[DB] Creating 'shift_configs' table...
[DB] Creating 'shifts' table...
[DB] Creating 'attendance_logs' table...
[DB] Creating 'employee_presence_logs' table...
[DB] Creating 'daily_phone_usage' table...
[DB] Creating 'system_users' table...
[DB] Creating 'settings' table...
[DB] Creating 'date_filter_presets' table...
[DB] Inserting default settings...
[DB] Initializing default date filter presets...
✓ Database initialized successfully at /Volumes/SNE/linhdb/work/SmartCore/demo-ai/factory multiface attendance app/backend/attendance.db
✓ Database connection successful: /Volumes/SNE/linhdb/work/SmartCore/demo-ai/factory multiface attendance app/backend/attendance.db
Using camera source: 0
SUCCESS: Video source 0 opened
Initializing InsightFace analysis...
Applied providers: ['CPUExecutionProvider'], with options: {'CPUExecutionProvider': {}}
find model: /Users/macos/.insightface/models/buffalo_l/1k3d68.onnx landmark_3d_68 ['None', 3, 192, 192] 0.0 1.0
Applied providers: ['CPUExecutionProvider'], with options: {'CPUExecutionProvider': {}}
find model: /Users/macos/.insightface/models/buffalo_l/2d106det.onnx landmark_2d_106 ['None', 3, 192, 192] 0.0 1.0
Applied providers: ['CPUExecutionProvider'], with options: {'CPUExecutionProvider': {}}
find model: /Users/macos/.insightface/models/buffalo_l/det_10g.onnx detection [1, 3, '?', '?'] 127.5 128.0
Applied providers: ['CPUExecutionProvider'], with options: {'CPUExecutionProvider': {}}
find model: /Users/macos/.insightface/models/buffalo_l/genderage.onnx genderage ['None', 3, 96, 96] 0.0 1.0
Applied providers: ['CPUExecutionProvider'], with options: {'CPUExecutionProvider': {}}
find model: /Users/macos/.insightface/models/buffalo_l/w600k_r50.onnx recognition ['None', 3, 112, 112] 127.5 127.5
set det-size: (640, 640)
✓ Database connection successful: /Volumes/SNE/linhdb/work/SmartCore/demo-ai/factory multiface attendance app/backend/attendance.db
Loaded 1 employees from database.
Initializing YOLOv8 for object detection...
[DB] Looking up system user: 'admin'
✓ Database connection successful: /Volumes/SNE/linhdb/work/SmartCore/demo-ai/factory multiface attendance app/backend/attendance.db
✓ User found: admin (role: admin)
✓ Database connection successful: /Volumes/SNE/linhdb/work/SmartCore/demo-ai/factory multiface attendance app/backend/attendance.db
Default admin password updated/synchronized.
INFO:     127.0.0.1:49983 - "GET /docs HTTP/1.1" 200 OK
INFO:     127.0.0.1:50009 - "OPTIONS /languages HTTP/1.1" 200 OK
INFO:     127.0.0.1:50011 - "OPTIONS /languages/vi HTTP/1.1" 200 OK
INFO:     127.0.0.1:50012 - "OPTIONS /me HTTP/1.1" 200 OK
INFO:     127.0.0.1:50014 - "OPTIONS /languages HTTP/1.1" 200 OK
INFO:     127.0.0.1:50016 - "OPTIONS /languages/vi HTTP/1.1" 200 OK
INFO:     127.0.0.1:50017 - "OPTIONS /me HTTP/1.1" 200 OK
INFO:     127.0.0.1:50017 - "GET /languages HTTP/1.1" 200 OK
INFO:     127.0.0.1:50016 - "GET /languages/vi HTTP/1.1" 200 OK
INFO:     127.0.0.1:50014 - "GET /me HTTP/1.1" 401 Unauthorized
INFO:     127.0.0.1:50012 - "GET /languages HTTP/1.1" 200 OK
INFO:     127.0.0.1:50017 - "GET /languages/vi HTTP/1.1" 200 OK
INFO:     127.0.0.1:50016 - "GET /me HTTP/1.1" 401 Unauthorized
INFO:     127.0.0.1:50016 - "GET /languages HTTP/1.1" 200 OK
INFO:     127.0.0.1:50017 - "GET /languages/vi HTTP/1.1" 200 OK
INFO:     127.0.0.1:50012 - "GET /languages HTTP/1.1" 200 OK
INFO:     127.0.0.1:50017 - "GET /languages/vi HTTP/1.1" 200 OK
Login attempt: admin
[DB] Looking up system user: 'admin'
✓ Database connection successful: /Volumes/SNE/linhdb/work/SmartCore/demo-ai/factory multiface attendance app/backend/attendance.db
✓ User found: admin (role: admin)
Login successful: admin
INFO:     127.0.0.1:50017 - "POST /login HTTP/1.1" 200 OK
[DB] Looking up system user: 'admin'
✓ Database connection successful: /Volumes/SNE/linhdb/work/SmartCore/demo-ai/factory multiface attendance app/backend/attendance.db
✓ User found: admin (role: admin)
INFO:     127.0.0.1:50017 - "GET /me HTTP/1.1" 200 OK
INFO:     127.0.0.1:50017 - "OPTIONS /daily-stats HTTP/1.1" 200 OK
INFO:     127.0.0.1:50012 - "OPTIONS /daily-stats HTTP/1.1" 200 OK
INFO:     127.0.0.1:50024 - "WebSocket /ws/video" [accepted]
/Volumes/SNE/linhdb/work/SmartCore/demo-ai/factory multiface attendance app/backend/venv/lib/python3.13/site-packages/insightface/utils/face_align.py:23: FutureWarning: `estimate` is deprecated since version 0.26 and will be removed in version 2.2. Please use `SimilarityTransform.from_estimate` class constructor instead.
  tform.estimate(lmk, dst)
✓ Database connection successful: /Volumes/SNE/linhdb/work/SmartCore/demo-ai/factory multiface attendance app/backend/attendance.db
[PRESENCE] Đào Bảo Linh (NV001) entered camera view
✓ Database connection successful: /Volumes/SNE/linhdb/work/SmartCore/demo-ai/factory multiface attendance app/backend/attendance.db
[DB] Looking up system user: 'admin'
✓ Database connection successful: /Volumes/SNE/linhdb/work/SmartCore/demo-ai/factory multiface attendance app/backend/attendance.db
✓ User found: admin (role: admin)
✓ Database connection successful: /Volumes/SNE/linhdb/work/SmartCore/demo-ai/factory multiface attendance app/backend/attendance.db
INFO:     127.0.0.1:50012 - "GET /daily-stats HTTP/1.1" 200 OK
INFO:     connection open
[DB] Looking up system user: 'admin'
✓ Database connection successful: /Volumes/SNE/linhdb/work/SmartCore/demo-ai/factory multiface attendance app/backend/attendance.db
✓ User found: admin (role: admin)
✓ Database connection successful: /Volumes/SNE/linhdb/work/SmartCore/demo-ai/factory multiface attendance app/backend/attendance.db
INFO:     127.0.0.1:50017 - "GET /daily-stats HTTP/1.1" 200 OK
[DB] Looking up system user: 'admin'
✓ Database connection successful: /Volumes/SNE/linhdb/work/SmartCore/demo-ai/factory multiface attendance app/backend/attendance.db
✓ User found: admin (role: admin)
✓ Database connection successful: /Volumes/SNE/linhdb/work/SmartCore/demo-ai/factory multiface attendance app/backend/attendance.db
INFO:     127.0.0.1:50017 - "GET /daily-stats HTTP/1.1" 200 OK
INFO:     127.0.0.1:50017 - "OPTIONS /settings HTTP/1.1" 200 OK
INFO:     127.0.0.1:50033 - "OPTIONS /settings HTTP/1.1" 200 OK
INFO:     connection closed
[DB] Looking up system user: 'admin'
✓ Database connection successful: /Volumes/SNE/linhdb/work/SmartCore/demo-ai/factory multiface attendance app/backend/attendance.db
✓ User found: admin (role: admin)
✓ Database connection successful: /Volumes/SNE/linhdb/work/SmartCore/demo-ai/factory multiface attendance app/backend/attendance.db
INFO:     127.0.0.1:50033 - "GET /settings HTTP/1.1" 200 OK
[DB] Looking up system user: 'admin'
✓ Database connection successful: /Volumes/SNE/linhdb/work/SmartCore/demo-ai/factory multiface attendance app/backend/attendance.db
✓ User found: admin (role: admin)
✓ Database connection successful: /Volumes/SNE/linhdb/work/SmartCore/demo-ai/factory multiface attendance app/backend/attendance.db
INFO:     127.0.0.1:50017 - "GET /settings HTTP/1.1" 200 OK
INFO:     127.0.0.1:50040 - "OPTIONS /settings HTTP/1.1" 200 OK
[tcp @ 0x8a9453a20] Failed to resolve hostname 123192.168.1.3: nodename nor servname provided, or not known
OpenCV: Couldn't read video stream from file "rtsp://hanet:hanet@123192.168.1.3:554"
[DB] Looking up system user: 'admin'
✓ Database connection successful: /Volumes/SNE/linhdb/work/SmartCore/demo-ai/factory multiface attendance app/backend/attendance.db
✓ User found: admin (role: admin)
✓ Database connection successful: /Volumes/SNE/linhdb/work/SmartCore/demo-ai/factory multiface attendance app/backend/attendance.db
✓ Database connection successful: /Volumes/SNE/linhdb/work/SmartCore/demo-ai/factory multiface attendance app/backend/attendance.db
✓ Database connection successful: /Volumes/SNE/linhdb/work/SmartCore/demo-ai/factory multiface attendance app/backend/attendance.db
✓ Database connection successful: /Volumes/SNE/linhdb/work/SmartCore/demo-ai/factory multiface attendance app/backend/attendance.db
✓ Database connection successful: /Volumes/SNE/linhdb/work/SmartCore/demo-ai/factory multiface attendance app/backend/attendance.db
✓ Database connection successful: /Volumes/SNE/linhdb/work/SmartCore/demo-ai/factory multiface attendance app/backend/attendance.db
✓ Database connection successful: /Volumes/SNE/linhdb/work/SmartCore/demo-ai/factory multiface attendance app/backend/attendance.db
✓ Database connection successful: /Volumes/SNE/linhdb/work/SmartCore/demo-ai/factory multiface attendance app/backend/attendance.db
✓ Database connection successful: /Volumes/SNE/linhdb/work/SmartCore/demo-ai/factory multiface attendance app/backend/attendance.db
Changing camera source to rtsp://hanet:hanet@123192.168.1.3:554...
ERROR: Could not open new video source rtsp://hanet:hanet@123192.168.1.3:554
INFO:     127.0.0.1:50040 - "PUT /settings HTTP/1.1" 200 OK
[DB] Looking up system user: 'admin'
✓ Database connection successful: /Volumes/SNE/linhdb/work/SmartCore/demo-ai/factory multiface attendance app/backend/attendance.db
✓ User found: admin (role: admin)
✓ Database connection successful: /Volumes/SNE/linhdb/work/SmartCore/demo-ai/factory multiface attendance app/backend/attendance.db
INFO:     127.0.0.1:50040 - "GET /daily-stats HTTP/1.1" 200 OK
INFO:     127.0.0.1:50042 - "WebSocket /ws/video" [accepted]
INFO:     connection open
✓ Database connection successful: /Volumes/SNE/linhdb/work/SmartCore/demo-ai/factory multiface attendance app/backend/attendance.db
[DB] Looking up system user: 'admin'
✓ Database connection successful: /Volumes/SNE/linhdb/work/SmartCore/demo-ai/factory multiface attendance app/backend/attendance.db
✓ User found: admin (role: admin)
✓ Database connection successful: /Volumes/SNE/linhdb/work/SmartCore/demo-ai/factory multiface attendance app/backend/attendance.db
INFO:     127.0.0.1:50045 - "GET /daily-stats HTTP/1.1" 200 OK
[DB] Looking up system user: 'admin'
✓ Database connection successful: /Volumes/SNE/linhdb/work/SmartCore/demo-ai/factory multiface attendance app/backend/attendance.db
✓ User found: admin (role: admin)
✓ Database connection successful: /Volumes/SNE/linhdb/work/SmartCore/demo-ai/factory multiface attendance app/backend/attendance.db
INFO:     127.0.0.1:50045 - "GET /daily-stats HTTP/1.1" 200 OK
INFO:     connection closed
INFO:     127.0.0.1:50045 - "GET /languages HTTP/1.1" 200 OK
INFO:     127.0.0.1:50055 - "GET /languages/vi HTTP/1.1" 200 OK
[DB] Looking up system user: 'admin'
✓ Database connection successful: /Volumes/SNE/linhdb/work/SmartCore/demo-ai/factory multiface attendance app/backend/attendance.db
✓ User found: admin (role: admin)
INFO:     127.0.0.1:50057 - "GET /me HTTP/1.1" 200 OK
INFO:     127.0.0.1:50045 - "GET /languages HTTP/1.1" 200 OK
[DB] Looking up system user: 'admin'
✓ Database connection successful: /Volumes/SNE/linhdb/work/SmartCore/demo-ai/factory multiface attendance app/backend/attendance.db
✓ User found: admin (role: admin)
INFO:     127.0.0.1:50055 - "GET /me HTTP/1.1" 200 OK
INFO:     127.0.0.1:50059 - "GET /languages/vi HTTP/1.1" 200 OK
[DB] Looking up system user: 'admin'
✓ Database connection successful: /Volumes/SNE/linhdb/work/SmartCore/demo-ai/factory multiface attendance app/backend/attendance.db
✓ User found: admin (role: admin)
✓ Database connection successful: /Volumes/SNE/linhdb/work/SmartCore/demo-ai/factory multiface attendance app/backend/attendance.db
INFO:     127.0.0.1:50059 - "GET /daily-stats HTTP/1.1" 200 OK
INFO:     127.0.0.1:50061 - "WebSocket /ws/video" [accepted]
[DB] Looking up system user: 'admin'
✓ Database connection successful: /Volumes/SNE/linhdb/work/SmartCore/demo-ai/factory multiface attendance app/backend/attendance.db
✓ User found: admin (role: admin)
✓ Database connection successful: /Volumes/SNE/linhdb/work/SmartCore/demo-ai/factory multiface attendance app/backend/attendance.db
INFO:     127.0.0.1:50055 - "GET /daily-stats HTTP/1.1" 200 OK
INFO:     connection open
INFO:     connection closed
INFO:     127.0.0.1:50063 - "WebSocket /ws/video" [accepted]
INFO:     connection open
✓ Database connection successful: /Volumes/SNE/linhdb/work/SmartCore/demo-ai/factory multiface attendance app/backend/attendance.db
[DB] Looking up system user: 'admin'
✓ Database connection successful: /Volumes/SNE/linhdb/work/SmartCore/demo-ai/factory multiface attendance app/backend/attendance.db
✓ User found: admin (role: admin)
✓ Database connection successful: /Volumes/SNE/linhdb/work/SmartCore/demo-ai/factory multiface attendance app/backend/attendance.db
INFO:     127.0.0.1:50055 - "GET /settings HTTP/1.1" 200 OK
INFO:     connection closed
[DB] Looking up system user: 'admin'
✓ Database connection successful: /Volumes/SNE/linhdb/work/SmartCore/demo-ai/factory multiface attendance app/backend/attendance.db
✓ User found: admin (role: admin)
✓ Database connection successful: /Volumes/SNE/linhdb/work/SmartCore/demo-ai/factory multiface attendance app/backend/attendance.db
INFO:     127.0.0.1:50059 - "GET /settings HTTP/1.1" 200 OK
[tcp @ 0x8a94537a0] Failed to resolve hostname 123192.168.1.3: nodename nor servname provided, or not known
OpenCV: Couldn't read video stream from file "rtsp://hanet:hanet@123192.168.1.3:554/stream"
[DB] Looking up system user: 'admin'
✓ Database connection successful: /Volumes/SNE/linhdb/work/SmartCore/demo-ai/factory multiface attendance app/backend/attendance.db
✓ User found: admin (role: admin)
✓ Database connection successful: /Volumes/SNE/linhdb/work/SmartCore/demo-ai/factory multiface attendance app/backend/attendance.db
✓ Database connection successful: /Volumes/SNE/linhdb/work/SmartCore/demo-ai/factory multiface attendance app/backend/attendance.db
✓ Database connection successful: /Volumes/SNE/linhdb/work/SmartCore/demo-ai/factory multiface attendance app/backend/attendance.db
✓ Database connection successful: /Volumes/SNE/linhdb/work/SmartCore/demo-ai/factory multiface attendance app/backend/attendance.db
✓ Database connection successful: /Volumes/SNE/linhdb/work/SmartCore/demo-ai/factory multiface attendance app/backend/attendance.db
✓ Database connection successful: /Volumes/SNE/linhdb/work/SmartCore/demo-ai/factory multiface attendance app/backend/attendance.db
✓ Database connection successful: /Volumes/SNE/linhdb/work/SmartCore/demo-ai/factory multiface attendance app/backend/attendance.db
✓ Database connection successful: /Volumes/SNE/linhdb/work/SmartCore/demo-ai/factory multiface attendance app/backend/attendance.db
✓ Database connection successful: /Volumes/SNE/linhdb/work/SmartCore/demo-ai/factory multiface attendance app/backend/attendance.db
Changing camera source to rtsp://hanet:hanet@123192.168.1.3:554/stream...
ERROR: Could not open new video source rtsp://hanet:hanet@123192.168.1.3:554/stream
INFO:     127.0.0.1:50065 - "PUT /settings HTTP/1.1" 200 OK
[DB] Looking up system user: 'admin'
✓ Database connection successful: /Volumes/SNE/linhdb/work/SmartCore/demo-ai/factory multiface attendance app/backend/attendance.db
✓ User found: admin (role: admin)
✓ Database connection successful: /Volumes/SNE/linhdb/work/SmartCore/demo-ai/factory multiface attendance app/backend/attendance.db
INFO:     127.0.0.1:50065 - "GET /daily-stats HTTP/1.1" 200 OK
INFO:     127.0.0.1:50067 - "WebSocket /ws/video" [accepted]
✓ Database connection successful: /Volumes/SNE/linhdb/work/SmartCore/demo-ai/factory multiface attendance app/backend/attendance.db
[DB] Looking up system user: 'admin'
✓ Database connection successful: /Volumes/SNE/linhdb/work/SmartCore/demo-ai/factory multiface attendance app/backend/attendance.db
✓ User found: admin (role: admin)
✓ Database connection successful: /Volumes/SNE/linhdb/work/SmartCore/demo-ai/factory multiface attendance app/backend/attendance.db
INFO:     127.0.0.1:50065 - "GET /daily-stats HTTP/1.1" 200 OK
INFO:     connection open
[DB] Looking up system user: 'admin'
✓ Database connection successful: /Volumes/SNE/linhdb/work/SmartCore/demo-ai/factory multiface attendance app/backend/attendance.db
✓ User found: admin (role: admin)
✓ Database connection successful: /Volumes/SNE/linhdb/work/SmartCore/demo-ai/factory multiface attendance app/backend/attendance.db
INFO:     127.0.0.1:50065 - "GET /daily-stats HTTP/1.1" 200 OK
[DB] Looking up system user: 'admin'
✓ Database connection successful: /Volumes/SNE/linhdb/work/SmartCore/demo-ai/factory multiface attendance app/backend/attendance.db
✓ User found: admin (role: admin)
✓ Database connection successful: /Volumes/SNE/linhdb/work/SmartCore/demo-ai/factory multiface attendance app/backend/attendance.db
INFO:     127.0.0.1:50065 - "GET /daily-stats HTTP/1.1" 200 OK
✓ Database connection successful: /Volumes/SNE/linhdb/work/SmartCore/demo-ai/factory multiface attendance app/backend/attendance.db
[DB] Looking up system user: 'admin'
✓ Database connection successful: /Volumes/SNE/linhdb/work/SmartCore/demo-ai/factory multiface attendance app/backend/attendance.db
✓ User found: admin (role: admin)
✓ Database connection successful: /Volumes/SNE/linhdb/work/SmartCore/demo-ai/factory multiface attendance app/backend/attendance.db
INFO:     127.0.0.1:50065 - "GET /daily-stats HTTP/1.1" 200 OK
[DB] Looking up system user: 'admin'
✓ Database connection successful: /Volumes/SNE/linhdb/work/SmartCore/demo-ai/factory multiface attendance app/backend/attendance.db
✓ User found: admin (role: admin)
✓ Database connection successful: /Volumes/SNE/linhdb/work/SmartCore/demo-ai/factory multiface attendance app/backend/attendance.db
INFO:     127.0.0.1:50065 - "GET /settings HTTP/1.1" 200 OK
[DB] Looking up system user: 'admin'
✓ Database connection successful: /Volumes/SNE/linhdb/work/SmartCore/demo-ai/factory multiface attendance app/backend/attendance.db
✓ User found: admin (role: admin)
✓ Database connection successful: /Volumes/SNE/linhdb/work/SmartCore/demo-ai/factory multiface attendance app/backend/attendance.db
INFO:     127.0.0.1:50070 - "GET /settings HTTP/1.1" 200 OK
INFO:     connection closed
[tcp @ 0x88f762400] Connection to tcp://192.168.1.3:554?timeout=0 failed: No route to host
OpenCV: Couldn't read video stream from file "rtsp://hanet:hanet123@192.168.1.3:554/stream"
[DB] Looking up system user: 'admin'
✓ Database connection successful: /Volumes/SNE/linhdb/work/SmartCore/demo-ai/factory multiface attendance app/backend/attendance.db
✓ User found: admin (role: admin)
✓ Database connection successful: /Volumes/SNE/linhdb/work/SmartCore/demo-ai/factory multiface attendance app/backend/attendance.db
✓ Database connection successful: /Volumes/SNE/linhdb/work/SmartCore/demo-ai/factory multiface attendance app/backend/attendance.db
✓ Database connection successful: /Volumes/SNE/linhdb/work/SmartCore/demo-ai/factory multiface attendance app/backend/attendance.db
✓ Database connection successful: /Volumes/SNE/linhdb/work/SmartCore/demo-ai/factory multiface attendance app/backend/attendance.db
✓ Database connection successful: /Volumes/SNE/linhdb/work/SmartCore/demo-ai/factory multiface attendance app/backend/attendance.db
✓ Database connection successful: /Volumes/SNE/linhdb/work/SmartCore/demo-ai/factory multiface attendance app/backend/attendance.db
✓ Database connection successful: /Volumes/SNE/linhdb/work/SmartCore/demo-ai/factory multiface attendance app/backend/attendance.db
✓ Database connection successful: /Volumes/SNE/linhdb/work/SmartCore/demo-ai/factory multiface attendance app/backend/attendance.db
✓ Database connection successful: /Volumes/SNE/linhdb/work/SmartCore/demo-ai/factory multiface attendance app/backend/attendance.db
Changing camera source to rtsp://hanet:hanet123@192.168.1.3:554/stream...
ERROR: Could not open new video source rtsp://hanet:hanet123@192.168.1.3:554/stream
INFO:     127.0.0.1:50078 - "PUT /settings HTTP/1.1" 200 OK
[DB] Looking up system user: 'admin'
✓ Database connection successful: /Volumes/SNE/linhdb/work/SmartCore/demo-ai/factory multiface attendance app/backend/attendance.db
✓ User found: admin (role: admin)
✓ Database connection successful: /Volumes/SNE/linhdb/work/SmartCore/demo-ai/factory multiface attendance app/backend/attendance.db
INFO:     127.0.0.1:50082 - "GET /daily-stats HTTP/1.1" 200 OK
INFO:     127.0.0.1:50084 - "WebSocket /ws/video" [accepted]
INFO:     connection open
✓ Database connection successful: /Volumes/SNE/linhdb/work/SmartCore/demo-ai/factory multiface attendance app/backend/attendance.db
[DB] Looking up system user: 'admin'
✓ Database connection successful: /Volumes/SNE/linhdb/work/SmartCore/demo-ai/factory multiface attendance app/backend/attendance.db
✓ User found: admin (role: admin)
✓ Database connection successful: /Volumes/SNE/linhdb/work/SmartCore/demo-ai/factory multiface attendance app/backend/attendance.db
INFO:     127.0.0.1:50087 - "GET /daily-stats HTTP/1.1" 200 OK
INFO:     connection closed
[DB] Looking up system user: 'admin'
✓ Database connection successful: /Volumes/SNE/linhdb/work/SmartCore/demo-ai/factory multiface attendance app/backend/attendance.db
✓ User found: admin (role: admin)
✓ Database connection successful: /Volumes/SNE/linhdb/work/SmartCore/demo-ai/factory multiface attendance app/backend/attendance.db
INFO:     127.0.0.1:50087 - "GET /settings HTTP/1.1" 200 OK
[DB] Looking up system user: 'admin'
✓ Database connection successful: /Volumes/SNE/linhdb/work/SmartCore/demo-ai/factory multiface attendance app/backend/attendance.db
✓ User found: admin (role: admin)
✓ Database connection successful: /Volumes/SNE/linhdb/work/SmartCore/demo-ai/factory multiface attendance app/backend/attendance.db
INFO:     127.0.0.1:50082 - "GET /settings HTTP/1.1" 200 OK
[DB] Looking up system user: 'admin'
✓ Database connection successful: /Volumes/SNE/linhdb/work/SmartCore/demo-ai/factory multiface attendance app/backend/attendance.db
✓ User found: admin (role: admin)
✓ Database connection successful: /Volumes/SNE/linhdb/work/SmartCore/demo-ai/factory multiface attendance app/backend/attendance.db
✓ Database connection successful: /Volumes/SNE/linhdb/work/SmartCore/demo-ai/factory multiface attendance app/backend/attendance.db
✓ Database connection successful: /Volumes/SNE/linhdb/work/SmartCore/demo-ai/factory multiface attendance app/backend/attendance.db
✓ Database connection successful: /Volumes/SNE/linhdb/work/SmartCore/demo-ai/factory multiface attendance app/backend/attendance.db
✓ Database connection successful: /Volumes/SNE/linhdb/work/SmartCore/demo-ai/factory multiface attendance app/backend/attendance.db
✓ Database connection successful: /Volumes/SNE/linhdb/work/SmartCore/demo-ai/factory multiface attendance app/backend/attendance.db
✓ Database connection successful: /Volumes/SNE/linhdb/work/SmartCore/demo-ai/factory multiface attendance app/backend/attendance.db
✓ Database connection successful: /Volumes/SNE/linhdb/work/SmartCore/demo-ai/factory multiface attendance app/backend/attendance.db
✓ Database connection successful: /Volumes/SNE/linhdb/work/SmartCore/demo-ai/factory multiface attendance app/backend/attendance.db
Changing camera source to rtsp://192.168.1.3:554/user:hanet;pwd:hanet123...
SUCCESS: New video source rtsp://192.168.1.3:554/user:hanet;pwd:hanet123 opened
INFO:     127.0.0.1:50185 - "PUT /settings HTTP/1.1" 200 OK
[hevc @ 0x89013ca80] Could not find ref with POC 10
[DB] Looking up system user: 'admin'
✓ Database connection successful: /Volumes/SNE/linhdb/work/SmartCore/demo-ai/factory multiface attendance app/backend/attendance.db
✓ User found: admin (role: admin)
✓ Database connection successful: /Volumes/SNE/linhdb/work/SmartCore/demo-ai/factory multiface attendance app/backend/attendance.db
INFO:     127.0.0.1:50190 - "GET /daily-stats HTTP/1.1" 200 OK
INFO:     127.0.0.1:50189 - "WebSocket /ws/video" [accepted]
INFO:     connection open
✓ Database connection successful: /Volumes/SNE/linhdb/work/SmartCore/demo-ai/factory multiface attendance app/backend/attendance.db
[PRESENCE] Đào Bảo Linh (NV001) left camera view
[DB] Looking up system user: 'admin'
✓ Database connection successful: /Volumes/SNE/linhdb/work/SmartCore/demo-ai/factory multiface attendance app/backend/attendance.db
✓ User found: admin (role: admin)
✓ Database connection successful: /Volumes/SNE/linhdb/work/SmartCore/demo-ai/factory multiface attendance app/backend/attendance.db
INFO:     127.0.0.1:50190 - "GET /daily-stats HTTP/1.1" 200 OK
[DB] Looking up system user: 'admin'
✓ Database connection successful: /Volumes/SNE/linhdb/work/SmartCore/demo-ai/factory multiface attendance app/backend/attendance.db
✓ User found: admin (role: admin)
✓ Database connection successful: /Volumes/SNE/linhdb/work/SmartCore/demo-ai/factory multiface attendance app/backend/attendance.db
INFO:     127.0.0.1:50199 - "GET /daily-stats HTTP/1.1" 200 OK
[DB] Looking up system user: 'admin'
✓ Database connection successful: /Volumes/SNE/linhdb/work/SmartCore/demo-ai/factory multiface attendance app/backend/attendance.db
✓ User found: admin (role: admin)
✓ Database connection successful: /Volumes/SNE/linhdb/work/SmartCore/demo-ai/factory multiface attendance app/backend/attendance.db
INFO:     127.0.0.1:50201 - "GET /daily-stats HTTP/1.1" 200 OK
✓ Database connection successful: /Volumes/SNE/linhdb/work/SmartCore/demo-ai/factory multiface attendance app/backend/attendance.db
[PRESENCE] Đào Bảo Linh (NV001) entered camera view
✓ Database connection successful: /Volumes/SNE/linhdb/work/SmartCore/demo-ai/factory multiface attendance app/backend/attendance.db
[DB] Looking up system user: 'admin'
✓ Database connection successful: /Volumes/SNE/linhdb/work/SmartCore/demo-ai/factory multiface attendance app/backend/attendance.db
✓ User found: admin (role: admin)
✓ Database connection successful: /Volumes/SNE/linhdb/work/SmartCore/demo-ai/factory multiface attendance app/backend/attendance.db
INFO:     127.0.0.1:50205 - "GET /daily-stats HTTP/1.1" 200 OK
✓ Database connection successful: /Volumes/SNE/linhdb/work/SmartCore/demo-ai/factory multiface attendance app/backend/attendance.db
[PRESENCE] Đào Bảo Linh (NV001) left camera view
✓ Database connection successful: /Volumes/SNE/linhdb/work/SmartCore/demo-ai/factory multiface attendance app/backend/attendance.db
[PRESENCE] Đào Bảo Linh (NV001) entered camera view
[DB] Looking up system user: 'admin'
✓ Database connection successful: /Volumes/SNE/linhdb/work/SmartCore/demo-ai/factory multiface attendance app/backend/attendance.db
✓ User found: admin (role: admin)
✓ Database connection successful: /Volumes/SNE/linhdb/work/SmartCore/demo-ai/factory multiface attendance app/backend/attendance.db
INFO:     127.0.0.1:50207 - "GET /daily-stats HTTP/1.1" 200 OK
✓ Database connection successful: /Volumes/SNE/linhdb/work/SmartCore/demo-ai/factory multiface attendance app/backend/attendance.db
[DB] Looking up system user: 'admin'
✓ Database connection successful: /Volumes/SNE/linhdb/work/SmartCore/demo-ai/factory multiface attendance app/backend/attendance.db
✓ User found: admin (role: admin)
✓ Database connection successful: /Volumes/SNE/linhdb/work/SmartCore/demo-ai/factory multiface attendance app/backend/attendance.db
INFO:     127.0.0.1:50209 - "GET /daily-stats HTTP/1.1" 200 OK
[DB] Looking up system user: 'admin'
✓ Database connection successful: /Volumes/SNE/linhdb/work/SmartCore/demo-ai/factory multiface attendance app/backend/attendance.db
✓ User found: admin (role: admin)
✓ Database connection successful: /Volumes/SNE/linhdb/work/SmartCore/demo-ai/factory multiface attendance app/backend/attendance.db
INFO:     127.0.0.1:50211 - "GET /daily-stats HTTP/1.1" 200 OK
✓ Database connection successful: /Volumes/SNE/linhdb/work/SmartCore/demo-ai/factory multiface attendance app/backend/attendance.db
[DB] Looking up system user: 'admin'
✓ Database connection successful: /Volumes/SNE/linhdb/work/SmartCore/demo-ai/factory multiface attendance app/backend/attendance.db
✓ User found: admin (role: admin)
✓ Database connection successful: /Volumes/SNE/linhdb/work/SmartCore/demo-ai/factory multiface attendance app/backend/attendance.db
INFO:     127.0.0.1:50214 - "GET /daily-stats HTTP/1.1" 200 OK
[DB] Looking up system user: 'admin'
✓ Database connection successful: /Volumes/SNE/linhdb/work/SmartCore/demo-ai/factory multiface attendance app/backend/attendance.db
✓ User found: admin (role: admin)
✓ Database connection successful: /Volumes/SNE/linhdb/work/SmartCore/demo-ai/factory multiface attendance app/backend/attendance.db
INFO:     127.0.0.1:50217 - "GET /daily-stats HTTP/1.1" 200 OK
✓ Database connection successful: /Volumes/SNE/linhdb/work/SmartCore/demo-ai/factory multiface attendance app/backend/attendance.db
[DB] Looking up system user: 'admin'
✓ Database connection successful: /Volumes/SNE/linhdb/work/SmartCore/demo-ai/factory multiface attendance app/backend/attendance.db
✓ User found: admin (role: admin)
✓ Database connection successful: /Volumes/SNE/linhdb/work/SmartCore/demo-ai/factory multiface attendance app/backend/attendance.db
INFO:     127.0.0.1:50220 - "GET /daily-stats HTTP/1.1" 200 OK
[DB] Looking up system user: 'admin'
✓ Database connection successful: /Volumes/SNE/linhdb/work/SmartCore/demo-ai/factory multiface attendance app/backend/attendance.db
✓ User found: admin (role: admin)
✓ Database connection successful: /Volumes/SNE/linhdb/work/SmartCore/demo-ai/factory multiface attendance app/backend/attendance.db
INFO:     127.0.0.1:50222 - "GET /daily-stats HTTP/1.1" 200 OK
✓ Database connection successful: /Volumes/SNE/linhdb/work/SmartCore/demo-ai/factory multiface attendance app/backend/attendance.db
[DB] Looking up system user: 'admin'
✓ Database connection successful: /Volumes/SNE/linhdb/work/SmartCore/demo-ai/factory multiface attendance app/backend/attendance.db
✓ User found: admin (role: admin)
✓ Database connection successful: /Volumes/SNE/linhdb/work/SmartCore/demo-ai/factory multiface attendance app/backend/attendance.db
INFO:     127.0.0.1:50225 - "GET /daily-stats HTTP/1.1" 200 OK
[DB] Looking up system user: 'admin'
✓ Database connection successful: /Volumes/SNE/linhdb/work/SmartCore/demo-ai/factory multiface attendance app/backend/attendance.db
✓ User found: admin (role: admin)
✓ Database connection successful: /Volumes/SNE/linhdb/work/SmartCore/demo-ai/factory multiface attendance app/backend/attendance.db
INFO:     127.0.0.1:50227 - "GET /daily-stats HTTP/1.1" 200 OK
✓ Database connection successful: /Volumes/SNE/linhdb/work/SmartCore/demo-ai/factory multiface attendance app/backend/attendance.db
[DB] Looking up system user: 'admin'
✓ Database connection successful: /Volumes/SNE/linhdb/work/SmartCore/demo-ai/factory multiface attendance app/backend/attendance.db
✓ User found: admin (role: admin)
✓ Database connection successful: /Volumes/SNE/linhdb/work/SmartCore/demo-ai/factory multiface attendance app/backend/attendance.db
INFO:     127.0.0.1:50231 - "GET /daily-stats HTTP/1.1" 200 OK
[DB] Looking up system user: 'admin'
✓ Database connection successful: /Volumes/SNE/linhdb/work/SmartCore/demo-ai/factory multiface attendance app/backend/attendance.db
✓ User found: admin (role: admin)
✓ Database connection successful: /Volumes/SNE/linhdb/work/SmartCore/demo-ai/factory multiface attendance app/backend/attendance.db
INFO:     127.0.0.1:50233 - "GET /daily-stats HTTP/1.1" 200 OK
[DB] Looking up system user: 'admin'
✓ Database connection successful: /Volumes/SNE/linhdb/work/SmartCore/demo-ai/factory multiface attendance app/backend/attendance.db
✓ User found: admin (role: admin)
✓ Database connection successful: /Volumes/SNE/linhdb/work/SmartCore/demo-ai/factory multiface attendance app/backend/attendance.db
INFO:     127.0.0.1:50233 - "GET /settings HTTP/1.1" 200 OK
INFO:     connection closed
[DB] Looking up system user: 'admin'
✓ Database connection successful: /Volumes/SNE/linhdb/work/SmartCore/demo-ai/factory multiface attendance app/backend/attendance.db
✓ User found: admin (role: admin)
✓ Database connection successful: /Volumes/SNE/linhdb/work/SmartCore/demo-ai/factory multiface attendance app/backend/attendance.db
INFO:     127.0.0.1:50233 - "GET /settings HTTP/1.1" 200 OK
[DB] Looking up system user: 'admin'
✓ Database connection successful: /Volumes/SNE/linhdb/work/SmartCore/demo-ai/factory multiface attendance app/backend/attendance.db
✓ User found: admin (role: admin)
✓ Database connection successful: /Volumes/SNE/linhdb/work/SmartCore/demo-ai/factory multiface attendance app/backend/attendance.db
INFO:     127.0.0.1:50239 - "GET /daily-stats HTTP/1.1" 200 OK
[DB] Looking up system user: 'admin'
✓ Database connection successful: /Volumes/SNE/linhdb/work/SmartCore/demo-ai/factory multiface attendance app/backend/attendance.db
✓ User found: admin (role: admin)
✓ Database connection successful: /Volumes/SNE/linhdb/work/SmartCore/demo-ai/factory multiface attendance app/backend/attendance.db
INFO:     127.0.0.1:50239 - "GET /daily-stats HTTP/1.1" 200 OK
INFO:     127.0.0.1:50241 - "WebSocket /ws/video" [accepted]
INFO:     connection open
✓ Database connection successful: /Volumes/SNE/linhdb/work/SmartCore/demo-ai/factory multiface attendance app/backend/attendance.db
[PRESENCE] Đào Bảo Linh (NV001) left camera view
✓ Database connection successful: /Volumes/SNE/linhdb/work/SmartCore/demo-ai/factory multiface attendance app/backend/attendance.db
[PRESENCE] Đào Bảo Linh (NV001) entered camera view
✓ Database connection successful: /Volumes/SNE/linhdb/work/SmartCore/demo-ai/factory multiface attendance app/backend/attendance.db
[DB] Looking up system user: 'admin'
✓ Database connection successful: /Volumes/SNE/linhdb/work/SmartCore/demo-ai/factory multiface attendance app/backend/attendance.db
✓ User found: admin (role: admin)
✓ Database connection successful: /Volumes/SNE/linhdb/work/SmartCore/demo-ai/factory multiface attendance app/backend/attendance.db
INFO:     127.0.0.1:50249 - "GET /daily-stats HTTP/1.1" 200 OK
✓ Database connection successful: /Volumes/SNE/linhdb/work/SmartCore/demo-ai/factory multiface attendance app/backend/attendance.db
[DB] Looking up system user: 'admin'
✓ Database connection successful: /Volumes/SNE/linhdb/work/SmartCore/demo-ai/factory multiface attendance app/backend/attendance.db
✓ User found: admin (role: admin)
✓ Database connection successful: /Volumes/SNE/linhdb/work/SmartCore/demo-ai/factory multiface attendance app/backend/attendance.db
INFO:     127.0.0.1:50251 - "GET /daily-stats HTTP/1.1" 200 OK
✓ Database connection successful: /Volumes/SNE/linhdb/work/SmartCore/demo-ai/factory multiface attendance app/backend/attendance.db
[DB] Looking up system user: 'admin'
✓ Database connection successful: /Volumes/SNE/linhdb/work/SmartCore/demo-ai/factory multiface attendance app/backend/attendance.db
✓ User found: admin (role: admin)
✓ Database connection successful: /Volumes/SNE/linhdb/work/SmartCore/demo-ai/factory multiface attendance app/backend/attendance.db
INFO:     127.0.0.1:50254 - "GET /daily-stats HTTP/1.1" 200 OK
[DB] Looking up system user: 'admin'
✓ Database connection successful: /Volumes/SNE/linhdb/work/SmartCore/demo-ai/factory multiface attendance app/backend/attendance.db
✓ User found: admin (role: admin)
✓ Database connection successful: /Volumes/SNE/linhdb/work/SmartCore/demo-ai/factory multiface attendance app/backend/attendance.db
INFO:     127.0.0.1:50256 - "GET /daily-stats HTTP/1.1" 200 OK
✓ Database connection successful: /Volumes/SNE/linhdb/work/SmartCore/demo-ai/factory multiface attendance app/backend/attendance.db
[PRESENCE] Đào Bảo Linh (NV001) left camera view
[DB] Looking up system user: 'admin'
✓ Database connection successful: /Volumes/SNE/linhdb/work/SmartCore/demo-ai/factory multiface attendance app/backend/attendance.db
✓ User found: admin (role: admin)
✓ Database connection successful: /Volumes/SNE/linhdb/work/SmartCore/demo-ai/factory multiface attendance app/backend/attendance.db
INFO:     127.0.0.1:50258 - "GET /daily-stats HTTP/1.1" 200 OK
[DB] Looking up system user: 'admin'
✓ Database connection successful: /Volumes/SNE/linhdb/work/SmartCore/demo-ai/factory multiface attendance app/backend/attendance.db
✓ User found: admin (role: admin)
✓ Database connection successful: /Volumes/SNE/linhdb/work/SmartCore/demo-ai/factory multiface attendance app/backend/attendance.db
INFO:     127.0.0.1:50262 - "GET /daily-stats HTTP/1.1" 200 OK
[DB] Looking up system user: 'admin'
✓ Database connection successful: /Volumes/SNE/linhdb/work/SmartCore/demo-ai/factory multiface attendance app/backend/attendance.db
✓ User found: admin (role: admin)
✓ Database connection successful: /Volumes/SNE/linhdb/work/SmartCore/demo-ai/factory multiface attendance app/backend/attendance.db
INFO:     127.0.0.1:50264 - "GET /daily-stats HTTP/1.1" 200 OK
[DB] Looking up system user: 'admin'
✓ Database connection successful: /Volumes/SNE/linhdb/work/SmartCore/demo-ai/factory multiface attendance app/backend/attendance.db
✓ User found: admin (role: admin)
✓ Database connection successful: /Volumes/SNE/linhdb/work/SmartCore/demo-ai/factory multiface attendance app/backend/attendance.db
INFO:     127.0.0.1:50267 - "GET /daily-stats HTTP/1.1" 200 OK
[DB] Looking up system user: 'admin'
✓ Database connection successful: /Volumes/SNE/linhdb/work/SmartCore/demo-ai/factory multiface attendance app/backend/attendance.db
✓ User found: admin (role: admin)
✓ Database connection successful: /Volumes/SNE/linhdb/work/SmartCore/demo-ai/factory multiface attendance app/backend/attendance.db
INFO:     127.0.0.1:50272 - "GET /daily-stats HTTP/1.1" 200 OK
[DB] Looking up system user: 'admin'
✓ Database connection successful: /Volumes/SNE/linhdb/work/SmartCore/demo-ai/factory multiface attendance app/backend/attendance.db
✓ User found: admin (role: admin)
✓ Database connection successful: /Volumes/SNE/linhdb/work/SmartCore/demo-ai/factory multiface attendance app/backend/attendance.db
INFO:     127.0.0.1:50274 - "GET /daily-stats HTTP/1.1" 200 OK
[DB] Looking up system user: 'admin'
✓ Database connection successful: /Volumes/SNE/linhdb/work/SmartCore/demo-ai/factory multiface attendance app/backend/attendance.db
✓ User found: admin (role: admin)
✓ Database connection successful: /Volumes/SNE/linhdb/work/SmartCore/demo-ai/factory multiface attendance app/backend/attendance.db
INFO:     127.0.0.1:50276 - "GET /daily-stats HTTP/1.1" 200 OK
[DB] Looking up system user: 'admin'
✓ Database connection successful: /Volumes/SNE/linhdb/work/SmartCore/demo-ai/factory multiface attendance app/backend/attendance.db
✓ User found: admin (role: admin)
✓ Database connection successful: /Volumes/SNE/linhdb/work/SmartCore/demo-ai/factory multiface attendance app/backend/attendance.db
INFO:     127.0.0.1:50281 - "GET /daily-stats HTTP/1.1" 200 OK
[DB] Looking up system user: 'admin'
✓ Database connection successful: /Volumes/SNE/linhdb/work/SmartCore/demo-ai/factory multiface attendance app/backend/attendance.db
✓ User found: admin (role: admin)
✓ Database connection successful: /Volumes/SNE/linhdb/work/SmartCore/demo-ai/factory multiface attendance app/backend/attendance.db
INFO:     127.0.0.1:50283 - "GET /daily-stats HTTP/1.1" 200 OK
[DB] Looking up system user: 'admin'
✓ Database connection successful: /Volumes/SNE/linhdb/work/SmartCore/demo-ai/factory multiface attendance app/backend/attendance.db
✓ User found: admin (role: admin)
✓ Database connection successful: /Volumes/SNE/linhdb/work/SmartCore/demo-ai/factory multiface attendance app/backend/attendance.db
INFO:     127.0.0.1:50285 - "GET /daily-stats HTTP/1.1" 200 OK
[DB] Looking up system user: 'admin'
✓ Database connection successful: /Volumes/SNE/linhdb/work/SmartCore/demo-ai/factory multiface attendance app/backend/attendance.db
✓ User found: admin (role: admin)
✓ Database connection successful: /Volumes/SNE/linhdb/work/SmartCore/demo-ai/factory multiface attendance app/backend/attendance.db
INFO:     127.0.0.1:50288 - "GET /daily-stats HTTP/1.1" 200 OK
[DB] Looking up system user: 'admin'
✓ Database connection successful: /Volumes/SNE/linhdb/work/SmartCore/demo-ai/factory multiface attendance app/backend/attendance.db
✓ User found: admin (role: admin)
✓ Database connection successful: /Volumes/SNE/linhdb/work/SmartCore/demo-ai/factory multiface attendance app/backend/attendance.db
INFO:     127.0.0.1:50297 - "GET /daily-stats HTTP/1.1" 200 OK
[DB] Looking up system user: 'admin'
✓ Database connection successful: /Volumes/SNE/linhdb/work/SmartCore/demo-ai/factory multiface attendance app/backend/attendance.db
✓ User found: admin (role: admin)
✓ Database connection successful: /Volumes/SNE/linhdb/work/SmartCore/demo-ai/factory multiface attendance app/backend/attendance.db
INFO:     127.0.0.1:50299 - "GET /daily-stats HTTP/1.1" 200 OK
[DB] Looking up system user: 'admin'
✓ Database connection successful: /Volumes/SNE/linhdb/work/SmartCore/demo-ai/factory multiface attendance app/backend/attendance.db
✓ User found: admin (role: admin)
✓ Database connection successful: /Volumes/SNE/linhdb/work/SmartCore/demo-ai/factory multiface attendance app/backend/attendance.db
INFO:     127.0.0.1:50304 - "GET /daily-stats HTTP/1.1" 200 OK
[DB] Looking up system user: 'admin'
✓ Database connection successful: /Volumes/SNE/linhdb/work/SmartCore/demo-ai/factory multiface attendance app/backend/attendance.db
✓ User found: admin (role: admin)
✓ Database connection successful: /Volumes/SNE/linhdb/work/SmartCore/demo-ai/factory multiface attendance app/backend/attendance.db
INFO:     127.0.0.1:50306 - "GET /daily-stats HTTP/1.1" 200 OK
[DB] Looking up system user: 'admin'
✓ Database connection successful: /Volumes/SNE/linhdb/work/SmartCore/demo-ai/factory multiface attendance app/backend/attendance.db
✓ User found: admin (role: admin)
✓ Database connection successful: /Volumes/SNE/linhdb/work/SmartCore/demo-ai/factory multiface attendance app/backend/attendance.db
INFO:     127.0.0.1:50309 - "GET /daily-stats HTTP/1.1" 200 OK
[DB] Looking up system user: 'admin'
✓ Database connection successful: /Volumes/SNE/linhdb/work/SmartCore/demo-ai/factory multiface attendance app/backend/attendance.db
✓ User found: admin (role: admin)
✓ Database connection successful: /Volumes/SNE/linhdb/work/SmartCore/demo-ai/factory multiface attendance app/backend/attendance.db
INFO:     127.0.0.1:50312 - "GET /daily-stats HTTP/1.1" 200 OK
[DB] Looking up system user: 'admin'
✓ Database connection successful: /Volumes/SNE/linhdb/work/SmartCore/demo-ai/factory multiface attendance app/backend/attendance.db
✓ User found: admin (role: admin)
✓ Database connection successful: /Volumes/SNE/linhdb/work/SmartCore/demo-ai/factory multiface attendance app/backend/attendance.db
INFO:     127.0.0.1:50314 - "GET /daily-stats HTTP/1.1" 200 OK
[DB] Looking up system user: 'admin'
✓ Database connection successful: /Volumes/SNE/linhdb/work/SmartCore/demo-ai/factory multiface attendance app/backend/attendance.db
✓ User found: admin (role: admin)
✓ Database connection successful: /Volumes/SNE/linhdb/work/SmartCore/demo-ai/factory multiface attendance app/backend/attendance.db
INFO:     127.0.0.1:50316 - "GET /daily-stats HTTP/1.1" 200 OK
[hevc @ 0x89013ce00] Could not find ref with POC 8
[DB] Looking up system user: 'admin'
✓ Database connection successful: /Volumes/SNE/linhdb/work/SmartCore/demo-ai/factory multiface attendance app/backend/attendance.db
✓ User found: admin (role: admin)
✓ Database connection successful: /Volumes/SNE/linhdb/work/SmartCore/demo-ai/factory multiface attendance app/backend/attendance.db
INFO:     127.0.0.1:50319 - "GET /daily-stats HTTP/1.1" 200 OK
[DB] Looking up system user: 'admin'
✓ Database connection successful: /Volumes/SNE/linhdb/work/SmartCore/demo-ai/factory multiface attendance app/backend/attendance.db
✓ User found: admin (role: admin)
✓ Database connection successful: /Volumes/SNE/linhdb/work/SmartCore/demo-ai/factory multiface attendance app/backend/attendance.db
INFO:     127.0.0.1:50321 - "GET /daily-stats HTTP/1.1" 200 OK
[DB] Looking up system user: 'admin'
✓ Database connection successful: /Volumes/SNE/linhdb/work/SmartCore/demo-ai/factory multiface attendance app/backend/attendance.db
✓ User found: admin (role: admin)
✓ Database connection successful: /Volumes/SNE/linhdb/work/SmartCore/demo-ai/factory multiface attendance app/backend/attendance.db
INFO:     127.0.0.1:50323 - "GET /daily-stats HTTP/1.1" 200 OK
[hevc @ 0x89013d880] Duplicate POC in a sequence: 1.
[DB] Looking up system user: 'admin'
✓ Database connection successful: /Volumes/SNE/linhdb/work/SmartCore/demo-ai/factory multiface attendance app/backend/attendance.db
✓ User found: admin (role: admin)
✓ Database connection successful: /Volumes/SNE/linhdb/work/SmartCore/demo-ai/factory multiface attendance app/backend/attendance.db
INFO:     127.0.0.1:50334 - "GET /daily-stats HTTP/1.1" 200 OK
[DB] Looking up system user: 'admin'
✓ Database connection successful: /Volumes/SNE/linhdb/work/SmartCore/demo-ai/factory multiface attendance app/backend/attendance.db
✓ User found: admin (role: admin)
✓ Database connection successful: /Volumes/SNE/linhdb/work/SmartCore/demo-ai/factory multiface attendance app/backend/attendance.db
INFO:     127.0.0.1:50336 - "GET /daily-stats HTTP/1.1" 200 OK
[DB] Looking up system user: 'admin'
✓ Database connection successful: /Volumes/SNE/linhdb/work/SmartCore/demo-ai/factory multiface attendance app/backend/attendance.db
✓ User found: admin (role: admin)
✓ Database connection successful: /Volumes/SNE/linhdb/work/SmartCore/demo-ai/factory multiface attendance app/backend/attendance.db
INFO:     127.0.0.1:50338 - "GET /daily-stats HTTP/1.1" 200 OK
[DB] Looking up system user: 'admin'
✓ Database connection successful: /Volumes/SNE/linhdb/work/SmartCore/demo-ai/factory multiface attendance app/backend/attendance.db
✓ User found: admin (role: admin)
✓ Database connection successful: /Volumes/SNE/linhdb/work/SmartCore/demo-ai/factory multiface attendance app/backend/attendance.db
INFO:     127.0.0.1:50341 - "GET /daily-stats HTTP/1.1" 200 OK
[DB] Looking up system user: 'admin'
✓ Database connection successful: /Volumes/SNE/linhdb/work/SmartCore/demo-ai/factory multiface attendance app/backend/attendance.db
✓ User found: admin (role: admin)
✓ Database connection successful: /Volumes/SNE/linhdb/work/SmartCore/demo-ai/factory multiface attendance app/backend/attendance.db
INFO:     127.0.0.1:50345 - "GET /daily-stats HTTP/1.1" 200 OK
[DB] Looking up system user: 'admin'
✓ Database connection successful: /Volumes/SNE/linhdb/work/SmartCore/demo-ai/factory multiface attendance app/backend/attendance.db
✓ User found: admin (role: admin)
✓ Database connection successful: /Volumes/SNE/linhdb/work/SmartCore/demo-ai/factory multiface attendance app/backend/attendance.db
INFO:     127.0.0.1:50371 - "GET /daily-stats HTTP/1.1" 200 OK
[hevc @ 0x89013d500] The cu_qp_delta 49 is outside the valid range [-26, 25].
[hevc @ 0x89013d880] Could not find ref with POC 18
[DB] Looking up system user: 'admin'
✓ Database connection successful: /Volumes/SNE/linhdb/work/SmartCore/demo-ai/factory multiface attendance app/backend/attendance.db
✓ User found: admin (role: admin)
✓ Database connection successful: /Volumes/SNE/linhdb/work/SmartCore/demo-ai/factory multiface attendance app/backend/attendance.db
INFO:     127.0.0.1:50393 - "GET /daily-stats HTTP/1.1" 200 OK
[hevc @ 0x89013e680] The cu_qp_delta 59 is outside the valid range [-26, 25].
[hevc @ 0x89013ea00] Could not find ref with POC 17
[hevc @ 0x89013d180] CABAC_MAX_BIN : 7
[hevc @ 0x89013d180] The cu_qp_delta 1094995529 is outside the valid range [-26, 25].
[hevc @ 0x89013d500] Could not find ref with POC 13
[DB] Looking up system user: 'admin'
✓ Database connection successful: /Volumes/SNE/linhdb/work/SmartCore/demo-ai/factory multiface attendance app/backend/attendance.db
✓ User found: admin (role: admin)
✓ Database connection successful: /Volumes/SNE/linhdb/work/SmartCore/demo-ai/factory multiface attendance app/backend/attendance.db
INFO:     127.0.0.1:50401 - "GET /daily-stats HTTP/1.1" 200 OK
[DB] Looking up system user: 'admin'
✓ Database connection successful: /Volumes/SNE/linhdb/work/SmartCore/demo-ai/factory multiface attendance app/backend/attendance.db
✓ User found: admin (role: admin)
✓ Database connection successful: /Volumes/SNE/linhdb/work/SmartCore/demo-ai/factory multiface attendance app/backend/attendance.db
INFO:     127.0.0.1:50405 - "GET /daily-stats HTTP/1.1" 200 OK
[DB] Looking up system user: 'admin'
✓ Database connection successful: /Volumes/SNE/linhdb/work/SmartCore/demo-ai/factory multiface attendance app/backend/attendance.db
✓ User found: admin (role: admin)
✓ Database connection successful: /Volumes/SNE/linhdb/work/SmartCore/demo-ai/factory multiface attendance app/backend/attendance.db
INFO:     127.0.0.1:50411 - "GET /daily-stats HTTP/1.1" 200 OK
[DB] Looking up system user: 'admin'
✓ Database connection successful: /Volumes/SNE/linhdb/work/SmartCore/demo-ai/factory multiface attendance app/backend/attendance.db
✓ User found: admin (role: admin)
✓ Database connection successful: /Volumes/SNE/linhdb/work/SmartCore/demo-ai/factory multiface attendance app/backend/attendance.db
INFO:     127.0.0.1:50419 - "GET /daily-stats HTTP/1.1" 200 OK
[DB] Looking up system user: 'admin'
✓ Database connection successful: /Volumes/SNE/linhdb/work/SmartCore/demo-ai/factory multiface attendance app/backend/attendance.db
✓ User found: admin (role: admin)
✓ Database connection successful: /Volumes/SNE/linhdb/work/SmartCore/demo-ai/factory multiface attendance app/backend/attendance.db
INFO:     127.0.0.1:50422 - "GET /daily-stats HTTP/1.1" 200 OK
[DB] Looking up system user: 'admin'
✓ Database connection successful: /Volumes/SNE/linhdb/work/SmartCore/demo-ai/factory multiface attendance app/backend/attendance.db
✓ User found: admin (role: admin)
✓ Database connection successful: /Volumes/SNE/linhdb/work/SmartCore/demo-ai/factory multiface attendance app/backend/attendance.db
INFO:     127.0.0.1:50426 - "GET /daily-stats HTTP/1.1" 200 OK
[DB] Looking up system user: 'admin'
✓ Database connection successful: /Volumes/SNE/linhdb/work/SmartCore/demo-ai/factory multiface attendance app/backend/attendance.db
✓ User found: admin (role: admin)
✓ Database connection successful: /Volumes/SNE/linhdb/work/SmartCore/demo-ai/factory multiface attendance app/backend/attendance.db
INFO:     127.0.0.1:50429 - "GET /daily-stats HTTP/1.1" 200 OK
[DB] Looking up system user: 'admin'
✓ Database connection successful: /Volumes/SNE/linhdb/work/SmartCore/demo-ai/factory multiface attendance app/backend/attendance.db
✓ User found: admin (role: admin)
✓ Database connection successful: /Volumes/SNE/linhdb/work/SmartCore/demo-ai/factory multiface attendance app/backend/attendance.db
INFO:     127.0.0.1:50431 - "GET /daily-stats HTTP/1.1" 200 OK
[hevc @ 0x89013ea00] CABAC_MAX_BIN : 7
[hevc @ 0x89013ea00] The cu_qp_delta -1094995529 is outside the valid range [-26, 25].
[hevc @ 0x89013ca80] Could not find ref with POC 21
[DB] Looking up system user: 'admin'
✓ Database connection successful: /Volumes/SNE/linhdb/work/SmartCore/demo-ai/factory multiface attendance app/backend/attendance.db
✓ User found: admin (role: admin)
✓ Database connection successful: /Volumes/SNE/linhdb/work/SmartCore/demo-ai/factory multiface attendance app/backend/attendance.db
INFO:     127.0.0.1:50438 - "GET /daily-stats HTTP/1.1" 200 OK
[hevc @ 0x89013dc00] Duplicate POC in a sequence: 25.
[hevc @ 0x89013df80] Duplicate POC in a sequence: 26.
[DB] Looking up system user: 'admin'
✓ Database connection successful: /Volumes/SNE/linhdb/work/SmartCore/demo-ai/factory multiface attendance app/backend/attendance.db
✓ User found: admin (role: admin)
✓ Database connection successful: /Volumes/SNE/linhdb/work/SmartCore/demo-ai/factory multiface attendance app/backend/attendance.db
INFO:     127.0.0.1:50442 - "GET /daily-stats HTTP/1.1" 200 OK
[DB] Looking up system user: 'admin'
✓ Database connection successful: /Volumes/SNE/linhdb/work/SmartCore/demo-ai/factory multiface attendance app/backend/attendance.db
✓ User found: admin (role: admin)
✓ Database connection successful: /Volumes/SNE/linhdb/work/SmartCore/demo-ai/factory multiface attendance app/backend/attendance.db
INFO:     127.0.0.1:50462 - "GET /daily-stats HTTP/1.1" 200 OK
[DB] Looking up system user: 'admin'
✓ Database connection successful: /Volumes/SNE/linhdb/work/SmartCore/demo-ai/factory multiface attendance app/backend/attendance.db
✓ User found: admin (role: admin)
✓ Database connection successful: /Volumes/SNE/linhdb/work/SmartCore/demo-ai/factory multiface attendance app/backend/attendance.db
INFO:     127.0.0.1:50468 - "GET /daily-stats HTTP/1.1" 200 OK
[DB] Looking up system user: 'admin'
✓ Database connection successful: /Volumes/SNE/linhdb/work/SmartCore/demo-ai/factory multiface attendance app/backend/attendance.db
✓ User found: admin (role: admin)
✓ Database connection successful: /Volumes/SNE/linhdb/work/SmartCore/demo-ai/factory multiface attendance app/backend/attendance.db
INFO:     127.0.0.1:50474 - "GET /daily-stats HTTP/1.1" 200 OK
[DB] Looking up system user: 'admin'
✓ Database connection successful: /Volumes/SNE/linhdb/work/SmartCore/demo-ai/factory multiface attendance app/backend/attendance.db
✓ User found: admin (role: admin)
✓ Database connection successful: /Volumes/SNE/linhdb/work/SmartCore/demo-ai/factory multiface attendance app/backend/attendance.db
INFO:     127.0.0.1:50476 - "GET /daily-stats HTTP/1.1" 200 OK
[DB] Looking up system user: 'admin'
✓ Database connection successful: /Volumes/SNE/linhdb/work/SmartCore/demo-ai/factory multiface attendance app/backend/attendance.db
✓ User found: admin (role: admin)
✓ Database connection successful: /Volumes/SNE/linhdb/work/SmartCore/demo-ai/factory multiface attendance app/backend/attendance.db
INFO:     127.0.0.1:50479 - "GET /daily-stats HTTP/1.1" 200 OK
[DB] Looking up system user: 'admin'
✓ Database connection successful: /Volumes/SNE/linhdb/work/SmartCore/demo-ai/factory multiface attendance app/backend/attendance.db
✓ User found: admin (role: admin)
✓ Database connection successful: /Volumes/SNE/linhdb/work/SmartCore/demo-ai/factory multiface attendance app/backend/attendance.db
INFO:     127.0.0.1:50482 - "GET /daily-stats HTTP/1.1" 200 OK
[DB] Looking up system user: 'admin'
✓ Database connection successful: /Volumes/SNE/linhdb/work/SmartCore/demo-ai/factory multiface attendance app/backend/attendance.db
✓ User found: admin (role: admin)
✓ Database connection successful: /Volumes/SNE/linhdb/work/SmartCore/demo-ai/factory multiface attendance app/backend/attendance.db
INFO:     127.0.0.1:50489 - "GET /daily-stats HTTP/1.1" 200 OK
[DB] Looking up system user: 'admin'
✓ Database connection successful: /Volumes/SNE/linhdb/work/SmartCore/demo-ai/factory multiface attendance app/backend/attendance.db
✓ User found: admin (role: admin)
✓ Database connection successful: /Volumes/SNE/linhdb/work/SmartCore/demo-ai/factory multiface attendance app/backend/attendance.db
INFO:     127.0.0.1:50492 - "GET /daily-stats HTTP/1.1" 200 OK
[DB] Looking up system user: 'admin'
✓ Database connection successful: /Volumes/SNE/linhdb/work/SmartCore/demo-ai/factory multiface attendance app/backend/attendance.db
✓ User found: admin (role: admin)
✓ Database connection successful: /Volumes/SNE/linhdb/work/SmartCore/demo-ai/factory multiface attendance app/backend/attendance.db
INFO:     127.0.0.1:50495 - "GET /daily-stats HTTP/1.1" 200 OK
[DB] Looking up system user: 'admin'
✓ Database connection successful: /Volumes/SNE/linhdb/work/SmartCore/demo-ai/factory multiface attendance app/backend/attendance.db
✓ User found: admin (role: admin)
✓ Database connection successful: /Volumes/SNE/linhdb/work/SmartCore/demo-ai/factory multiface attendance app/backend/attendance.db
INFO:     127.0.0.1:50505 - "GET /daily-stats HTTP/1.1" 200 OK
