
> smart-factory-ui@0.1.0 dev
> vite


  VITE v5.4.21  ready in 139 ms

  ➜  Local:   http://localhost:3000/
  ➜  Network: http://172.20.10.2:3000/
2:44:44 AM [vite] hmr update /src/index.css
2:44:53 AM [vite] hmr update /src/pages/Dashboard.tsx
2:45:10 AM [vite] hmr update /src/pages/Login.tsx
2:45:38 AM [vite] hmr update /src/pages/EmployeeManagement.tsx
2:45:48 AM [vite] hmr update /src/index.css
2:45:56 AM [vite] hmr update /src/index.css
2:46:04 AM [vite] hmr update /src/pages/EmployeeManagement.tsx
2:46:22 AM [vite] hmr update /src/pages/UserManagement.tsx
2:46:39 AM [vite] hmr update /src/index.css
2:46:47 AM [vite] hmr update /src/index.css
2:46:58 AM [vite] hmr update /src/pages/ShiftManagement.tsx
2:50:06 AM [vite] hmr update /src/index.css
2:50:19 AM [vite] hmr update /src/pages/EmployeeDetail.tsx
2:50:19 AM [vite] warning: Duplicate "className" attribute in JSX element
255|            position: 'sticky',
256|            top: '20px'
257|          }} className="employee-profile-card">
   |             ^
258|                      <div style={{
259|              width: '120px',

  Plugin: vite:esbuild
  File: /Volumes/SNE/linhdb/work/SmartCore/demo-ai/factory multiface attendance app/frontend/src/pages/EmployeeDetail.tsx
2:50:30 AM [vite] hmr update /src/pages/EmployeeDetail.tsx
2:50:41 AM [vite] hmr update /src/index.css
2:51:03 AM [vite] hmr update /src/index.css
2:51:23 AM [vite] hmr update /src/index.css
2:51:38 AM [vite] hmr update /src/index.css
2:51:49 AM [vite] hmr update /src/index.css
2:53:44 AM [vite] hmr update /src/index.css
2:54:03 AM [vite] hmr update /src/index.css
2:54:15 AM [vite] hmr update /src/index.css
2:54:32 AM [vite] hmr update /src/index.css
2:54:52 AM [vite] hmr update /src/index.css
2:56:29 AM [vite] hmr update /src/components/DateFilter.tsx
2:56:51 AM [vite] hmr update /src/pages/EmployeeDetail.tsx
2:57:27 AM [vite] hmr update /src/index.css
2:59:49 AM [vite] hmr update /src/index.css
2:59:59 AM [vite] hmr update /src/pages/EmployeeDetail.tsx
2:59:59 AM [vite] hmr update /src/pages/EmployeeDetail.tsx
3:00:20 AM [vite] hmr update /src/index.css
3:01:44 AM [vite] hmr update /src/pages/EmployeeDetail.tsx
3:03:24 AM [vite] hmr update /src/pages/EmployeeDetail.tsx
3:06:35 AM [vite] hmr update /src/index.css
3:06:42 AM [vite] hmr update /src/index.css
3:06:50 AM [vite] hmr update /src/pages/EmployeeDetail.tsx
3:08:42 AM [vite] hmr update /src/pages/AttendanceCalculator.tsx
3:10:26 AM [vite] hmr update /src/index.css
3:12:30 AM [vite] hmr update /src/components/Layout.tsx
3:12:46 AM [vite] hmr update /src/components/Layout.tsx
